powershell : En C:\Users\pezfr\OneDrive\Escritorio\Gestión Docente 
En línea: 1 Carácter: 1
+ powershell -ExecutionPolicy Bypass -File "test-endpoints.ps1" 2>&1 |  ...
+ ~~~~~~~~~~~~~~~~~~~~~~~~~~~~~~~~~~~~~~~~~~~~~~~~~~~~~~~~~~~~~~~~~~
    + CategoryInfo          : NotSpecified: (En C:\Users\pez...estión Docente  
   :String) [], RemoteException
    + FullyQualifiedErrorId : NativeCommandError
 
Backend\test-endpoints.ps1: 582 Carácter: 32
+ Write-Host "Pruebas completadas" -ForegroundColor Green
+                                ~~~~~~~~~~~~~~~~~~~~~~~~
Falta la cadena en el terminador: ".
    + CategoryInfo          : ParserError: (:) [], ParentContainsErrorRecordEx 
   ception
    + FullyQualifiedErrorId : TerminatorExpectedAtEndOfString
 
